{"should_escape":"some content\" with a quote\"","already_quoted":"this is already \"quoted"}